Error: Type declaration of variable i is ambigous. Please make sure each variable is declared exactly once.
Error: Type of variable i in this expression is ambigous. Please make sure each variable is declared exactly once.
