Formula: (i > 0)
Output of this formula has been stored in ./output/test228-formula01.txt

