Formula: (i < j)
Output of this formula has been stored in ./output/test83-formula01.txt

Formula: (m < (i + 2))
Output of this formula has been stored in ./output/test83-formula02.txt

