Formula: ((not (p = q)) = (((not p) and q) or (p and (not q))))
Output of this formula has been stored in ./output/test190-formula01.txt

