Formula: (i > j)
Output of this formula has been stored in ./output/test75-formula01.txt

Formula: (n > 0)
Output of this formula has been stored in ./output/test75-formula02.txt

Formula: (m > n)
Output of this formula has been stored in ./output/test75-formula03.txt

Formula: (j > m)
Output of this formula has been stored in ./output/test75-formula04.txt

