Error: variable n has not been declared.
Error: Type declaration of variable p is ambigous. Please make sure each variable is declared exactly once.
Error: Type of variable p in this expression is ambigous. Please make sure each variable is declared exactly once.
Error: Type declaration of variable i is ambigous. Please make sure each variable is declared exactly once.
Error: Type declaration of variable n is ambigous. Please make sure each variable is declared exactly once.
Error: variable i has boolean type.
Error: Type of variable n in this expression is ambigous. Please make sure each variable is declared exactly once.
Error: variable i has boolean type.
