(p + 3) is not integer type, cannot perform this assignment.
Error: variable p has not been declared.
(i * 2) is not integer type, cannot perform this assignment.
Error: variable i has not been declared.
(p - 2) is not integer type, cannot perform this assignment.
Error: variable p has not been declared.
(i + (j / m)) is not integer type, cannot perform this assignment.
Error: variable i has not been declared.
Error: variable j has not been declared.
((i * 4) / j) is not integer type, cannot perform this assignment.
Error: variable i has not been declared.
Error: variable j has not been declared.
((z * x) + 5) is not integer type, cannot perform this assignment.
Error: variable z has not been declared.
((x + y) - (4 * 3)) is not integer type, cannot perform this assignment.
Error: variable y has not been declared.
