Error: Type declaration of variable y is ambigous. Please make sure each variable is declared exactly once.
Error: Type declaration of variable s is ambigous. Please make sure each variable is declared exactly once.
