Error: variable q has not been declared.
Error: variable s has not been declared.
Error: Type declaration of variable s is ambigous. Please make sure each variable is declared exactly once.
Error: Type of variable s in this expression is ambigous. Please make sure each variable is declared exactly once.
