TypeChecker.varMap: {a=(types.RealArray@566776ad, null), 1=(types.IntType@6108b2d7, null), b=(types.IntArray@1554909b, null), (a[1] > b[4])=(types.BoolType@6bf256fa, null), 1.0=(types.RealType@6cd8737, null), 9.8=(types.RealType@22f71333, null), 4=(types.IntType@13969fbe, null), 2.1=(types.RealType@6aaa5eb0, null), a[1]=(types.RealType@3498ed, null), b[4]=(types.IntType@1a407d53, null)}

AntlrToLogic.varMap: {a=RealArray, b=IntArray}

Formula: (a[1] > b[4])
Where: 
    a : ARRAY[REAL] = << 1.0, 2.1, 9.8 >>
    b : ARRAY[INTEGER]

Is not a tautology. Here is a counter example: 
    a : Real
    b : Int

