TypeChecker.varMap: {p=(types.BoolType@b684286, null), (false => p)=(types.BoolType@880ec60, null), ((false => p) = true)=(types.BoolType@3f3afe78, null), false=(types.BoolType@7f63425a, null), true=(types.BoolType@36d64342, null)}

AntlrToLogic.varMap: {p=Bool}

Formula: ((false => p) = true) is a tautology.

