TypeChecker.varMap: {((true = q) = q)=(types.BoolType@6a5fc7f7, null), q=(types.BoolType@3b6eb2ec, null), (true = q)=(types.BoolType@1e643faf, null), true=(types.BoolType@6e8dacdf, null)}

AntlrToLogic.varMap: {q=Bool}

Formula: ((true = q) = q) is a tautology.

