TypeChecker.varMap: {(s or q)=(types.BoolType@2ed94a8b, null), i=(types.UnknowType@38082d64, null), j=(types.IntType@dfd3711, null), (s1 => ((not k) and r))=(types.BoolType@42d3bd8b, null), k=(types.BoolType@26ba2a48, null), (not k)=(types.BoolType@5f2050f6, null), m=(types.UnknowType@3b81a1bc, null), (not r0)=(types.BoolType@64616ca2, null), p=(types.UnknowType@13fee20c, null), q=(types.BoolType@4e04a765, null), 1=(types.IntType@783e6358, null), r=(types.BoolType@17550481, null), 2=(types.IntType@735f7ae5, null), s=(types.UnknowType@180bc464, null), (not r)=(types.BoolType@1324409e, null), ((not k) and r)=(types.BoolType@2c6a3f77, null), (q and (i >= (j + 1)))=(types.BoolType@246ae04d, null), (i >= (j + 1))=(types.BoolType@62043840, null), ((not r) and (s or q))=(types.BoolType@5315b42e, null), (j + 1)=(types.IntType@2ef9b8bc, null), (j * 2)=(types.IntType@5d624da6, null), s1=(types.BoolType@1e67b872, null), r0=(types.BoolType@60addb54, null)}

AntlrToLogic.varMap: {p=Int, q=Bool, r=Bool, s=Int, i=Bool, j=Int, k=Bool, m=Bool, s1=Bool, r0=Bool}

Error: Type declaration of variable m is ambigous. Please make sure each variable is declared exactly once.
Error: Type declaration of variable i is ambigous. Please make sure each variable is declared exactly once.
Error: variable m has boolean type.
Error: variable i has boolean type.
Error: Type declaration of variable s is ambigous. Please make sure each variable is declared exactly once.
Error: Type declaration of variable p is ambigous. Please make sure each variable is declared exactly once.
Error: variable i has boolean type.
Error: variable m has boolean type.
