TypeChecker.varMap: {p=(types.BoolType@34ce8af7, null), q=(types.BoolType@b684286, null), ((p => (q => r)) = ((p => q) => (p => r)))=(types.BoolType@880ec60, null), r=(types.BoolType@3f3afe78, null), (p => r)=(types.BoolType@7f63425a, null), (p => q)=(types.BoolType@36d64342, null), (p => (q => r))=(types.BoolType@39ba5a14, null), (q => r)=(types.BoolType@511baa65, null), ((p => q) => (p => r))=(types.BoolType@340f438e, null)}

AntlrToLogic.varMap: {p=Bool, q=Bool, r=Bool}

Formula: ((p => (q => r)) = ((p => q) => (p => r))) is a tautology.

