TypeChecker.varMap: {0=(types.IntType@17c68925, null), 100=(types.IntType@7e0ea639, null), 45=(types.IntType@3d24753a, null), 46=(types.IntType@59a6e353, null), 2=(types.IntType@7a0ac6e3, null), 3=(types.IntType@71be98f5, null), (i < j)=(types.BoolType@6fadae5d, null), 7=(types.IntType@17f6480, null), i=(types.IntType@2d6e8792, logic.composite.IntConst@2812cbfa), j=(types.IntType@2acf57e3, logic.composite.IntConst@506e6d5e), m=(types.UnknowType@96532d6, null), n=(types.UnknowType@3796751b, null)}

AntlrToLogic.varMap: {i=Int, j=Int, m=Int, n=Int}

Error: Type declaration of variable m is ambigous. Please make sure each variable is declared exactly once.
Error: Type declaration of variable n is ambigous. Please make sure each variable is declared exactly once.
Error: Type of variable m in this expression is ambigous. Please make sure each variable is declared exactly once.
Error: Type of variable n in this expression is ambigous. Please make sure each variable is declared exactly once.
Error: Type of variable m in this expression is ambigous. Please make sure each variable is declared exactly once.
