TypeChecker.varMap: {p=(types.BoolType@b684286, logic.composite.BoolTrue@880ec60), q=(types.UnknowType@3f3afe78, null), (not p)=(types.BoolType@7f63425a, null), ((not p) and p)=(types.BoolType@36d64342, null), r=(types.BoolType@39ba5a14, logic.composite.BoolFalse@511baa65), s=(types.BoolType@340f438e, logic.composite.BoolFalse@30c7da1e), (s and p)=(types.BoolType@5b464ce8, null), (s and r)=(types.BoolType@57829d67, null), true=(types.BoolType@19dfb72a, null), false=(types.BoolType@17c68925, null)}

AntlrToLogic.varMap: {p=Bool, q=Bool, r=Bool, s=Bool}

Error: Type declaration of variable q is ambigous. Please make sure each variable is declared exactly once.
Error: Type of variable q in this expression is ambigous. Please make sure each variable is declared exactly once.
Error: Type of variable q in this expression is ambigous. Please make sure each variable is declared exactly once.
Error: Type of variable q in this expression is ambigous. Please make sure each variable is declared exactly once.
Error: Type of variable q in this expression is ambigous. Please make sure each variable is declared exactly once.
