TypeChecker.varMap: {p=(types.BoolType@b684286, null), q=(types.BoolType@880ec60, null), (not p)=(types.BoolType@3f3afe78, null), (p = q)=(types.BoolType@7f63425a, null), (not (p = q))=(types.BoolType@36d64342, null), (((not (p = q)) = (not p)) = q)=(types.BoolType@39ba5a14, null), ((not (p = q)) = (not p))=(types.BoolType@511baa65, null)}

AntlrToLogic.varMap: {p=Bool, q=Bool}

Formula: (((not (p = q)) = (not p)) = q) is a tautology.

