TypeChecker.varMap: {16=(types.IntType@5ebec15, null), (i > j)=(types.BoolType@21bcffb5, null), (i * j)=(types.IntType@380fb434, null), i=(types.IntType@668bc3d5, logic.composite.Addition@3cda1055), j=(types.IntType@7a5d012c, logic.composite.Subtraction@3fb6a447), k=(types.UnknowType@79b4d0f, null), (1 + 3)=(types.IntType@6b2fad11, null), p=(types.BoolType@79698539, null), 1=(types.IntType@73f792cf, null), 3=(types.IntType@2ed94a8b, null), 5=(types.IntType@38082d64, null), (i - 20)=(types.IntType@dfd3711, null), 20=(types.IntType@42d3bd8b, null), (3 * 16)=(types.IntType@26ba2a48, null)}

AntlrToLogic.varMap: {p=Bool, q=Bool, i=Int, j=Int, m=Int}

((3 * 16) + (5 * k)) is not integer type, cannot perform this assignment.
Error: variable k has not been declared.
((i > j) or (m = (i * j)))is not boolean type, cannot perform this assignment.
Error: variable m has not been declared.
Error: variable q has not been declared.
Error: variable s has not been declared.
